=== GOLDEN PARAMETERS - 95.0% ACCURACY ===
Znalezione w iteracji: 1
Data: 28-May-2025 13:21:13

PARAMETRY:
Architektura: 34
Funkcja treningu: trainbr
Learning rate: 0.040000
Funkcja aktywacji: logsig
Epoki: 200
Accuracy: 0.9500 (95.0%)
